// Jest Snapshot v1, https://goo.gl/fbAQLP

exports[`render Header 1`] = `
<header
  className="page-header user-page__head"
>
  <div
    className="logo"
  >
    <a
      className="logo__link"
      href="/"
      onClick={[Function]}
    >
      <span
        className="logo__letter logo__letter--1"
      >
        W
      </span>
      <span
        className="logo__letter logo__letter--2"
      >
        T
      </span>
      <span
        className="logo__letter logo__letter--3"
      >
        W
      </span>
    </a>
  </div>
  <nav
    className="breadcrumbs"
  >
    <ul
      className="breadcrumbs__list"
    >
      <li
        className="breadcrumbs__item"
      >
        <a
          className="breadcrumbs__link"
          href="/films/1"
          onClick={[Function]}
        >
          Bohemian Rhapsody
        </a>
      </li>
      <li
        className="breadcrumbs__item"
      >
        <a
          className="breadcrumbs__link"
        >
          Add review
        </a>
      </li>
    </ul>
  </nav>
  <h1
    className="page-title user-page__title"
  >
    Bohemian Rhapsody
  </h1>
</header>
`;
