// Jest Snapshot v1, https://goo.gl/fbAQLP

exports[`render PrivateRouting 1`] = `null`;
